// Jest Snapshot v1, https://goo.gl/fbAQLP

exports[`Field Component Should Match Snapshot 1`] = `"<div class=\\"form-item\\"><input type=\\"text\\" id=\\"Test\\" placeholder=\\"Test\\" required=\\"\\"/></div>"`;
