// Jest Snapshot v1, https://goo.gl/fbAQLP

exports[`Button Component Should Match Snapshot 1`] = `"<button class=\\"button button-success\\" type=\\"button\\">Test</button>"`;
