// Jest Snapshot v1, https://goo.gl/fbAQLP

exports[`Ephemeral Component Should Match Snapshot 1`] = `"<p>Test</p>"`;
