// Jest Snapshot v1, https://goo.gl/fbAQLP

exports[`Icon Component Should Match Snapshot 1`] = `"<div class=\\"icon\\"><span><svg>ok.svg</svg></span></div>"`;
